+ set -e
+ echo ================================
================================
+ echo 'Sealos Kubernetes 离线安装包构建器'
Sealos Kubernetes 离线安装包构建器
+ echo ================================
================================
+ echo 清理旧文件...
清理旧文件...
+ rm -f payload.tar.gz k8s-sealos-installer.run
+ PAYLOAD_FILE=payload.tar.gz
+ INSTALLER_NAME=k8s-sealos-installer.run
+ IMAGES_DIR=images
+ IMAGE_JSON=images/image.json
+ SOURCE_REGISTRY=registry.cn-beijing.aliyuncs.com/labring
+ TARGET_REGISTRY=registry.cn-beijing.aliyuncs.com/labring
+ echo 检查目录结构...
检查目录结构...
+ [[ ! -d bin ]]
+ [[ ! -d images ]]
+ echo 检查二进制文件...
检查二进制文件...
+ required_binaries=("sealos" "sealctl" "image-cri-shim" "lvscare")
+ for binary in "${required_binaries[@]}"
+ [[ ! -f bin/sealos ]]
+ for binary in "${required_binaries[@]}"
+ [[ ! -f bin/sealctl ]]
+ for binary in "${required_binaries[@]}"
+ [[ ! -f bin/image-cri-shim ]]
+ for binary in "${required_binaries[@]}"
+ [[ ! -f bin/lvscare ]]
+ prepare_images
+ echo 处理离线镜像...
处理离线镜像...
+ [[ ! -f images/image.json ]]
+ command -v jq
+ command -v docker
+ local count
++ jq length images/image.json
+ count=3
+ [[ 3 -eq 0 ]]
+ echo '准备处理 3 个镜像...'
准备处理 3 个镜像...
+ local ok=0 skip=0 fail=0
++ seq 0 2
+ for i in $(seq 0 $((count - 1)))
+ local pull tag tar_file
++ jq -r '.[0].pull' images/image.json
+ pull=registry.cn-shanghai.aliyuncs.com/labring/cilium:v1.13.4
++ jq -r '.[0].tag' images/image.json
+ tag=registry.cn-shanghai.aliyuncs.com/labring/cilium:v1.13.4
++ jq -r '.[0].tar' images/image.json
+ tar_file=cilium.tar
+ echo ''

+ echo '▶ [1/3] cilium.tar'
▶ [1/3] cilium.tar
+ [[ -f images/cilium.tar ]]
+ echo '  ✓ 已存在，跳过'
  ✓ 已存在，跳过
+ (( skip++ ))
